[   41098ms] [LOG] [Realtime] Connected to Cloud WebSocket Broker! @ http://localhost:8080/:11896
[  128040ms] [ERROR] WebSocket connection to 'wss://broker.emqx.io:8084/mqtt' failed: Error in connection establishment: net::ERR_INTERNET_DISCONNECTED @ https://unpkg.com/mqtt@5.3.5/dist/mqtt.min.js:4
[  130046ms] [ERROR] WebSocket connection to 'wss://broker.emqx.io:8084/mqtt' failed: Error in connection establishment: net::ERR_INTERNET_DISCONNECTED @ https://unpkg.com/mqtt@5.3.5/dist/mqtt.min.js:4
[  132050ms] [ERROR] WebSocket connection to 'wss://broker.emqx.io:8084/mqtt' failed: Error in connection establishment: net::ERR_INTERNET_DISCONNECTED @ https://unpkg.com/mqtt@5.3.5/dist/mqtt.min.js:4
[  135310ms] [ERROR] WebSocket connection to 'wss://broker.emqx.io:8084/mqtt' failed: Error in connection establishment: net::ERR_NAME_NOT_RESOLVED @ https://unpkg.com/mqtt@5.3.5/dist/mqtt.min.js:4
[  149605ms] [ERROR] WebSocket connection to 'wss://broker.emqx.io:8084/mqtt' failed: Error in connection establishment: net::ERR_NETWORK_ACCESS_DENIED @ https://unpkg.com/mqtt@5.3.5/dist/mqtt.min.js:4
[  149625ms] [ERROR] WebSocket connection to 'wss://broker.emqx.io:8084/mqtt' failed: Error in connection establishment: net::ERR_NETWORK_ACCESS_DENIED @ https://unpkg.com/mqtt@5.3.5/dist/mqtt.min.js:4
[  151335ms] [ERROR] WebSocket connection to 'wss://broker.emqx.io:8084/mqtt' failed: Error in connection establishment: net::ERR_NETWORK_ACCESS_DENIED @ https://unpkg.com/mqtt@5.3.5/dist/mqtt.min.js:4
[  153358ms] [ERROR] WebSocket connection to 'wss://broker.emqx.io:8084/mqtt' failed: Error in connection establishment: net::ERR_NETWORK_ACCESS_DENIED @ https://unpkg.com/mqtt@5.3.5/dist/mqtt.min.js:4
[  155365ms] [ERROR] WebSocket connection to 'wss://broker.emqx.io:8084/mqtt' failed: Error in connection establishment: net::ERR_NETWORK_ACCESS_DENIED @ https://unpkg.com/mqtt@5.3.5/dist/mqtt.min.js:4
[  157370ms] [ERROR] WebSocket connection to 'wss://broker.emqx.io:8084/mqtt' failed: Error in connection establishment: net::ERR_NETWORK_ACCESS_DENIED @ https://unpkg.com/mqtt@5.3.5/dist/mqtt.min.js:4
[  159390ms] [ERROR] WebSocket connection to 'wss://broker.emqx.io:8084/mqtt' failed: Error in connection establishment: net::ERR_NETWORK_ACCESS_DENIED @ https://unpkg.com/mqtt@5.3.5/dist/mqtt.min.js:4
[  161394ms] [ERROR] WebSocket connection to 'wss://broker.emqx.io:8084/mqtt' failed: Error in connection establishment: net::ERR_NETWORK_ACCESS_DENIED @ https://unpkg.com/mqtt@5.3.5/dist/mqtt.min.js:4
[  163412ms] [ERROR] WebSocket connection to 'wss://broker.emqx.io:8084/mqtt' failed: Error in connection establishment: net::ERR_NETWORK_ACCESS_DENIED @ https://unpkg.com/mqtt@5.3.5/dist/mqtt.min.js:4
[  165435ms] [ERROR] WebSocket connection to 'wss://broker.emqx.io:8084/mqtt' failed: Error in connection establishment: net::ERR_NETWORK_ACCESS_DENIED @ https://unpkg.com/mqtt@5.3.5/dist/mqtt.min.js:4
[  171203ms] [ERROR] WebSocket connection to 'wss://broker.emqx.io:8084/mqtt' failed: Error in connection establishment: net::ERR_INTERNET_DISCONNECTED @ https://unpkg.com/mqtt@5.3.5/dist/mqtt.min.js:4
[  176280ms] [ERROR] WebSocket connection to 'wss://broker.emqx.io:8084/mqtt' failed: Error in connection establishment: net::ERR_INTERNET_DISCONNECTED @ https://unpkg.com/mqtt@5.3.5/dist/mqtt.min.js:4
[  181361ms] [ERROR] WebSocket connection to 'wss://broker.emqx.io:8084/mqtt' failed: Error in connection establishment: net::ERR_INTERNET_DISCONNECTED @ https://unpkg.com/mqtt@5.3.5/dist/mqtt.min.js:4
[  186443ms] [ERROR] WebSocket connection to 'wss://broker.emqx.io:8084/mqtt' failed: Error in connection establishment: net::ERR_INTERNET_DISCONNECTED @ https://unpkg.com/mqtt@5.3.5/dist/mqtt.min.js:4
[  191532ms] [ERROR] WebSocket connection to 'wss://broker.emqx.io:8084/mqtt' failed: Error in connection establishment: net::ERR_INTERNET_DISCONNECTED @ https://unpkg.com/mqtt@5.3.5/dist/mqtt.min.js:4
[  196622ms] [ERROR] WebSocket connection to 'wss://broker.emqx.io:8084/mqtt' failed: Error in connection establishment: net::ERR_NETWORK_ACCESS_DENIED @ https://unpkg.com/mqtt@5.3.5/dist/mqtt.min.js:4
[  198706ms] [ERROR] WebSocket connection to 'wss://broker.emqx.io:8084/mqtt' failed: Error in connection establishment: net::ERR_NETWORK_ACCESS_DENIED @ https://unpkg.com/mqtt@5.3.5/dist/mqtt.min.js:4
[  204675ms] [ERROR] WebSocket connection to 'wss://broker.emqx.io:8084/mqtt' failed: Error in connection establishment: net::ERR_NETWORK_ACCESS_DENIED @ https://unpkg.com/mqtt@5.3.5/dist/mqtt.min.js:4
[  206823ms] [ERROR] WebSocket connection to 'wss://broker.emqx.io:8084/mqtt' failed: Error in connection establishment: net::ERR_NETWORK_ACCESS_DENIED @ https://unpkg.com/mqtt@5.3.5/dist/mqtt.min.js:4
[  208960ms] [ERROR] WebSocket connection to 'wss://broker.emqx.io:8084/mqtt' failed: Error in connection establishment: net::ERR_NETWORK_ACCESS_DENIED @ https://unpkg.com/mqtt@5.3.5/dist/mqtt.min.js:4
[  211246ms] [ERROR] WebSocket connection to 'wss://broker.emqx.io:8084/mqtt' failed: Error in connection establishment: net::ERR_NETWORK_ACCESS_DENIED @ https://unpkg.com/mqtt@5.3.5/dist/mqtt.min.js:4
[  216870ms] [ERROR] WebSocket connection to 'wss://broker.emqx.io:8084/mqtt' failed: Error in connection establishment: net::ERR_INTERNET_DISCONNECTED @ https://unpkg.com/mqtt@5.3.5/dist/mqtt.min.js:4
[  223935ms] [ERROR] WebSocket connection to 'wss://broker.emqx.io:8084/mqtt' failed: Error in connection establishment: net::ERR_NAME_NOT_RESOLVED @ https://unpkg.com/mqtt@5.3.5/dist/mqtt.min.js:4
[  228951ms] [ERROR] WebSocket connection to 'wss://broker.emqx.io:8084/mqtt' failed: Error in connection establishment: net::ERR_NETWORK_ACCESS_DENIED @ https://unpkg.com/mqtt@5.3.5/dist/mqtt.min.js:4
[  231919ms] [ERROR] WebSocket connection to 'wss://broker.emqx.io:8084/mqtt' failed: Error in connection establishment: net::ERR_NETWORK_ACCESS_DENIED @ https://unpkg.com/mqtt@5.3.5/dist/mqtt.min.js:4
[  234184ms] [ERROR] WebSocket connection to 'wss://broker.emqx.io:8084/mqtt' failed: Error in connection establishment: net::ERR_NETWORK_ACCESS_DENIED @ https://unpkg.com/mqtt@5.3.5/dist/mqtt.min.js:4
[  240957ms] [LOG] [Realtime] Connected to Cloud WebSocket Broker! @ http://localhost:8080/:11896
